2026-04-11 12:40:04 [INFO] CSC is loading...   Success！
2026-04-11 12:40:06 [INFO]   Detected cloud rule update, preparing to download~
2026-04-11 12:40:06 [INFO]   Update completed~
2026-04-11 12:40:52 [INFO] CSC is loading...   Success！
2026-04-11 12:41:40 [INFO] CSC is loading...   Success！
2026-04-11 12:43:25 [INFO] CSC is loading...   Success！
2026-04-11 12:43:54 [INFO]    _____  _____  _____ 
2026-04-11 12:43:54 [INFO]   / ____|/ ____|/ ____|
2026-04-11 12:43:54 [INFO]  | |    | (___ | |        [CSC] Version: v0.21.18
2026-04-11 12:43:54 [INFO]  | |     \___ \| |        Minecraft Version: 1.21.1 forge
2026-04-11 12:43:54 [INFO]  | |____ ____) | |____    Problem/Feedback: Tencent QQ：1061133894
2026-04-11 12:43:54 [INFO]   \_____|_____/ \_____|
2026-04-11 12:43:54 [INFO]                        
2026-04-11 13:03:34 [INFO] CSC close completely, thanks for using!
2026-04-11 13:04:38 [INFO] CSC is loading...   Success！
2026-04-11 13:04:54 [INFO]    _____  _____  _____ 
2026-04-11 13:04:54 [INFO]   / ____|/ ____|/ ____|
2026-04-11 13:04:54 [INFO]  | |    | (___ | |        [CSC] Version: v0.21.18
2026-04-11 13:04:54 [INFO]  | |     \___ \| |        Minecraft Version: 1.21.1 forge
2026-04-11 13:04:54 [INFO]  | |____ ____) | |____    Problem/Feedback: Tencent QQ：1061133894
2026-04-11 13:04:54 [INFO]   \_____|_____/ \_____|
2026-04-11 13:04:54 [INFO]                        
2026-04-11 13:08:56 [INFO] CSC close completely, thanks for using!
2026-04-11 13:09:55 [INFO] CSC is loading...   Success！
2026-04-11 13:10:05 [INFO]    _____  _____  _____ 
2026-04-11 13:10:05 [INFO]   / ____|/ ____|/ ____|
2026-04-11 13:10:05 [INFO]  | |    | (___ | |        [CSC] Version: v0.21.18
2026-04-11 13:10:05 [INFO]  | |     \___ \| |        Minecraft Version: 1.21.1 forge
2026-04-11 13:10:05 [INFO]  | |____ ____) | |____    Problem/Feedback: Tencent QQ：1061133894
2026-04-11 13:10:05 [INFO]   \_____|_____/ \_____|
2026-04-11 13:10:05 [INFO]                        
2026-04-11 13:17:24 [INFO] CSC close completely, thanks for using!
2026-04-11 13:18:17 [INFO] CSC is loading...   Success！
2026-04-11 13:18:28 [INFO]    _____  _____  _____ 
2026-04-11 13:18:28 [INFO]   / ____|/ ____|/ ____|
2026-04-11 13:18:28 [INFO]  | |    | (___ | |        [CSC] Version: v0.21.18
2026-04-11 13:18:28 [INFO]  | |     \___ \| |        Minecraft Version: 1.21.1 forge
2026-04-11 13:18:28 [INFO]  | |____ ____) | |____    Problem/Feedback: Tencent QQ：1061133894
2026-04-11 13:18:28 [INFO]   \_____|_____/ \_____|
2026-04-11 13:18:28 [INFO]                        
2026-04-11 13:50:55 [INFO] CSC close completely, thanks for using!
2026-04-11 13:51:45 [INFO] CSC is loading...   Success！
2026-04-11 13:51:55 [INFO]    _____  _____  _____ 
2026-04-11 13:51:55 [INFO]   / ____|/ ____|/ ____|
2026-04-11 13:51:55 [INFO]  | |    | (___ | |        [CSC] Version: v0.21.18
2026-04-11 13:51:55 [INFO]  | |     \___ \| |        Minecraft Version: 1.21.1 forge
2026-04-11 13:51:55 [INFO]  | |____ ____) | |____    Problem/Feedback: Tencent QQ：1061133894
2026-04-11 13:51:55 [INFO]   \_____|_____/ \_____|
2026-04-11 13:51:55 [INFO]                        
2026-04-11 14:50:27 [INFO] CSC is loading...   Success！
2026-04-11 14:50:39 [INFO]    _____  _____  _____ 
2026-04-11 14:50:39 [INFO]   / ____|/ ____|/ ____|
2026-04-11 14:50:39 [INFO]  | |    | (___ | |        [CSC] Version: v0.21.18
2026-04-11 14:50:39 [INFO]  | |     \___ \| |        Minecraft Version: 1.21.1 forge
2026-04-11 14:50:39 [INFO]  | |____ ____) | |____    Problem/Feedback: Tencent QQ：1061133894
2026-04-11 14:50:39 [INFO]   \_____|_____/ \_____|
2026-04-11 14:50:39 [INFO]                        
2026-04-11 15:23:47 [INFO] CSC close completely, thanks for using!
2026-04-11 15:25:17 [INFO] CSC is loading...   Success！
2026-04-11 15:25:28 [INFO]    _____  _____  _____ 
2026-04-11 15:25:28 [INFO]   / ____|/ ____|/ ____|
2026-04-11 15:25:28 [INFO]  | |    | (___ | |        [CSC] Version: v0.21.18
2026-04-11 15:25:28 [INFO]  | |     \___ \| |        Minecraft Version: 1.21.1 forge
2026-04-11 15:25:28 [INFO]  | |____ ____) | |____    Problem/Feedback: Tencent QQ：1061133894
2026-04-11 15:25:28 [INFO]   \_____|_____/ \_____|
2026-04-11 15:25:28 [INFO]                        
2026-04-11 16:32:42 [INFO] CSC is loading...   Success！
2026-04-11 16:32:55 [INFO]    _____  _____  _____ 
2026-04-11 16:32:55 [INFO]   / ____|/ ____|/ ____|
2026-04-11 16:32:55 [INFO]  | |    | (___ | |        [CSC] Version: v0.21.18
2026-04-11 16:32:55 [INFO]  | |     \___ \| |        Minecraft Version: 1.21.1 forge
2026-04-11 16:32:55 [INFO]  | |____ ____) | |____    Problem/Feedback: Tencent QQ：1061133894
2026-04-11 16:32:55 [INFO]   \_____|_____/ \_____|
2026-04-11 16:32:55 [INFO]                        
2026-04-11 16:33:58 [INFO] CSC close completely, thanks for using!
2026-04-11 16:34:45 [INFO] CSC is loading...   Success！
2026-04-11 16:34:55 [INFO]    _____  _____  _____ 
2026-04-11 16:34:55 [INFO]   / ____|/ ____|/ ____|
2026-04-11 16:34:55 [INFO]  | |    | (___ | |        [CSC] Version: v0.21.18
2026-04-11 16:34:55 [INFO]  | |     \___ \| |        Minecraft Version: 1.21.1 forge
2026-04-11 16:34:55 [INFO]  | |____ ____) | |____    Problem/Feedback: Tencent QQ：1061133894
2026-04-11 16:34:55 [INFO]   \_____|_____/ \_____|
2026-04-11 16:34:55 [INFO]                        
2026-04-12 15:59:32 [INFO] CSC close completely, thanks for using!
2026-04-12 16:03:04 [INFO] CSC is loading...   Success！
2026-04-12 16:03:56 [INFO] CSC is loading...   Success！
2026-04-12 16:04:09 [INFO]    _____  _____  _____ 
2026-04-12 16:04:09 [INFO]   / ____|/ ____|/ ____|
2026-04-12 16:04:09 [INFO]  | |    | (___ | |        [CSC] Version: v0.21.18
2026-04-12 16:04:09 [INFO]  | |     \___ \| |        Minecraft Version: 1.21.1 forge
2026-04-12 16:04:09 [INFO]  | |____ ____) | |____    Problem/Feedback: Tencent QQ：1061133894
2026-04-12 16:04:09 [INFO]   \_____|_____/ \_____|
2026-04-12 16:04:09 [INFO]                        
2026-04-12 16:04:56 [INFO] CSC close completely, thanks for using!
2026-04-12 16:05:51 [INFO] CSC is loading...   Success！
2026-04-12 16:06:01 [INFO]    _____  _____  _____ 
2026-04-12 16:06:01 [INFO]   / ____|/ ____|/ ____|
2026-04-12 16:06:01 [INFO]  | |    | (___ | |        [CSC] Version: v0.21.18
2026-04-12 16:06:01 [INFO]  | |     \___ \| |        Minecraft Version: 1.21.1 forge
2026-04-12 16:06:01 [INFO]  | |____ ____) | |____    Problem/Feedback: Tencent QQ：1061133894
2026-04-12 16:06:01 [INFO]   \_____|_____/ \_____|
2026-04-12 16:06:01 [INFO]                        
2026-04-12 16:23:21 [INFO] CSC close completely, thanks for using!
2026-04-12 16:24:10 [INFO] CSC is loading...   Success！
2026-04-12 16:24:20 [INFO]    _____  _____  _____ 
2026-04-12 16:24:20 [INFO]   / ____|/ ____|/ ____|
2026-04-12 16:24:20 [INFO]  | |    | (___ | |        [CSC] Version: v0.21.18
2026-04-12 16:24:20 [INFO]  | |     \___ \| |        Minecraft Version: 1.21.1 forge
2026-04-12 16:24:20 [INFO]  | |____ ____) | |____    Problem/Feedback: Tencent QQ：1061133894
2026-04-12 16:24:20 [INFO]   \_____|_____/ \_____|
2026-04-12 16:24:20 [INFO]                        
2026-04-12 16:30:43 [INFO] CSC close completely, thanks for using!
2026-04-12 16:31:36 [INFO] CSC is loading...   Success！
2026-04-12 16:31:45 [INFO]    _____  _____  _____ 
2026-04-12 16:31:45 [INFO]   / ____|/ ____|/ ____|
2026-04-12 16:31:45 [INFO]  | |    | (___ | |        [CSC] Version: v0.21.18
2026-04-12 16:31:45 [INFO]  | |     \___ \| |        Minecraft Version: 1.21.1 forge
2026-04-12 16:31:45 [INFO]  | |____ ____) | |____    Problem/Feedback: Tencent QQ：1061133894
2026-04-12 16:31:45 [INFO]   \_____|_____/ \_____|
2026-04-12 16:31:45 [INFO]                        
